The command has indeed failed with message:
HB: all mixins must have the same key
